// Jest Snapshot v1, https://goo.gl/fbAQLP

exports[`House changes when button is clicked 1`] = `
<div>
  <div
    className="flex flex-row items-center border-4 border-orange-400 w-full"
  >
    <svg
      className="icon icon-tabler icon-tabler-home"
      fill="none"
      height="64"
      stroke="#00b341"
      strokeLinecap="round"
      strokeLinejoin="round"
      strokeWidth="1.5"
      viewBox="0 0 24 24"
      width="64"
      xmlns="http://www.w3.org/2000/svg"
    >
      <path
        d="M0 0h24v24H0z"
        fill="none"
        stroke="none"
      />
      <polyline
        points="5 12 3 12 12 3 21 12 19 12"
      />
      <path
        d="M5 12v7a2 2 0 0 0 2 2h10a2 2 0 0 0 2 -2v-7"
      />
      <path
        d="M9 21v-6a2 2 0 0 1 2 -2h2a2 2 0 0 1 2 2v6"
      />
    </svg>
    <button
      className="bg-red-400 text-white p-8 text-center my-8"
      onClick={[Function]}
    />
  </div>
</div>
`;

exports[`House changes when button is clicked 2`] = `
<div>
  <div
    className="flex flex-row items-center border-4 border-orange-400 w-full"
  >
    <svg
      className="icon icon-tabler icon-tabler-home"
      fill="none"
      height="64"
      stroke="#00b341"
      strokeLinecap="round"
      strokeLinejoin="round"
      strokeWidth="1.5"
      viewBox="0 0 24 24"
      width="64"
      xmlns="http://www.w3.org/2000/svg"
    >
      <path
        d="M0 0h24v24H0z"
        fill="none"
        stroke="none"
      />
      <polyline
        points="5 12 3 12 12 3 21 12 19 12"
      />
      <path
        d="M5 12v7a2 2 0 0 0 2 2h10a2 2 0 0 0 2 -2v-7"
      />
      <path
        d="M9 21v-6a2 2 0 0 1 2 -2h2a2 2 0 0 1 2 2v6"
      />
    </svg>
    <button
      className="bg-red-400 text-white p-8 text-center my-8"
      onClick={[Function]}
    />
  </div>
</div>
`;

exports[`Link changes the class when hovered 1`] = `
<div>
  <div
    className="flex flex-row items-center border-4 border-orange-400 w-full"
  >
    <svg
      className="icon icon-tabler icon-tabler-home"
      fill="none"
      height="64"
      stroke="#00b341"
      strokeLinecap="round"
      strokeLinejoin="round"
      strokeWidth="1.5"
      viewBox="0 0 24 24"
      width="64"
      xmlns="http://www.w3.org/2000/svg"
    >
      <path
        d="M0 0h24v24H0z"
        fill="none"
        stroke="none"
      />
      <polyline
        points="5 12 3 12 12 3 21 12 19 12"
      />
      <path
        d="M5 12v7a2 2 0 0 0 2 2h10a2 2 0 0 0 2 -2v-7"
      />
      <path
        d="M9 21v-6a2 2 0 0 1 2 -2h2a2 2 0 0 1 2 2v6"
      />
    </svg>
    <button
      className="bg-red-400 text-white p-8 text-center my-8"
      onClick={[Function]}
    />
  </div>
</div>
`;
